// Jest Snapshot v1, https://goo.gl/fbAQLP

exports[`<Main/>  Renders correctly 1`] = `
<section>
  <form
    id="form"
    onSubmit={[Function]}
  >
    <label>
      <span>
        URL: 
      </span>
      <input
        id="url"
        name="url"
        onChange={[Function]}
        type="text"
      />
      <button
        id="goButton"
        type="submit"
      >
        GO!
      </button>
    </label>
    <label
      className="methods"
    >
      <span
        className="active"
        id="get"
        onClick={[Function]}
      >
        GET
      </span>
      <span
        className=""
        id="post"
        onClick={[Function]}
      >
        POST
      </span>
      <span
        className=""
        id="put"
        onClick={[Function]}
      >
        PUT
      </span>
      <span
        className=""
        id="delete"
        onClick={[Function]}
      >
        DELETE
      </span>
    </label>
  </form>
  <div
    id="body"
  >
    <textarea
      defaultValue=""
      disabled={true}
      name="requestBody"
      placeholder="Raw JSON Body"
      spellCheck="false"
    />
  </div>
  <section
    className="results"
  >
    <span
      className="method"
    >
      get
    </span>
    <span
      className="url"
    >
      
    </span>
  </section>
</section>
`;
